ARM Linker, 5.03 [Build 76] [MDK-ARM Lite]

==============================================================================

Section Cross References

    startup.o(RESET) refers to startup.o(STACK) for __initial_sp
    startup.o(RESET) refers to final_systick.o(.text) for SYSTICKIntHandler
    startup.o(RESET) refers to final_uart.o(.text) for UART0IntHandler
    startup.o(RESET) refers to entry.o(.ARM.Collect$$$$00000000) for __main
    startup.o(.text) refers to startup.o(HEAP) for __heap_base
    startup.o(.text) refers to startup.o(STACK) for StackMem
    main.o(.text) refers to memcpya.o(.text) for __aeabi_memcpy4
    main.o(.text) refers to pll.o(.text) for PLL_Init
    main.o(.text) refers to final_gpio.o(.text) for initBoard
    main.o(.text) refers to final_uart.o(.text) for uartTxPoll
    final_gpio.o(.text) refers to startup.o(.text) for DisableInterrupts
    final_gpio.o(.text) refers to final_uart.o(.text) for initUART0
    final_gpio.o(.text) refers to final_systick.o(.text) for initializeTimerA
    final_gpio.o(.text) refers to final_adc.o(.text) for initializeADC
    final_gpio.o(.text) refers to final_spi.o(.text) for initializeSPI
    final_gpio.o(.text) refers to final_gpio.o(.data) for delay
    final_systick.o(.text) refers to final_systick.o(.data) for interruptClear
    final_uart.o(.text) refers to circular_buffer.o(.text) for cBufInit
    final_uart.o(.text) refers to startup.o(.text) for DisableInterrupts
    final_uart.o(.text) refers to final_uart.o(.bss) for rxBuf2
    circular_buffer.o(.text) refers to malloc.o(i.malloc) for malloc
    entry.o(.ARM.Collect$$$$00000000) refers (Special) to entry10a.o(.ARM.Collect$$$$0000000D) for __rt_final_cpp
    entry.o(.ARM.Collect$$$$00000000) refers (Special) to entry11a.o(.ARM.Collect$$$$0000000F) for __rt_final_exit
    entry.o(.ARM.Collect$$$$00000000) refers (Special) to entry7b.o(.ARM.Collect$$$$00000008) for _main_clock
    entry.o(.ARM.Collect$$$$00000000) refers (Special) to entry8b.o(.ARM.Collect$$$$0000000A) for _main_cpp_init
    entry.o(.ARM.Collect$$$$00000000) refers (Special) to entry9a.o(.ARM.Collect$$$$0000000B) for _main_init
    entry.o(.ARM.Collect$$$$00000000) refers (Special) to entry5.o(.ARM.Collect$$$$00000004) for _main_scatterload
    entry.o(.ARM.Collect$$$$00000000) refers (Special) to entry2.o(.ARM.Collect$$$$00000001) for _main_stk
    malloc.o(i.free) refers to mvars.o(.data) for __microlib_freelist
    malloc.o(i.malloc) refers to mvars.o(.data) for __microlib_freelist_initialised
    malloc.o(i.malloc) refers to mvars.o(.data) for __microlib_freelist
    malloc.o(i.malloc) refers to startup.o(HEAP) for __heap_base
    mallocr.o(i.__free$realloc) refers to mvars.o(.data) for __microlib_freelist
    mallocr.o(i.__malloc$realloc) refers to mallocr.o(i.internal_alloc) for internal_alloc
    mallocr.o(i.__malloc$realloc) refers to mvars.o(.data) for __microlib_freelist_initialised
    mallocr.o(i.__malloc$realloc) refers to startup.o(HEAP) for __heap_base
    mallocr.o(i.__malloc$realloc) refers to mvars.o(.data) for __microlib_freelist
    mallocr.o(i.internal_alloc) refers to memcpya.o(.text) for __aeabi_memcpy
    mallocr.o(i.internal_alloc) refers to mvars.o(.data) for __microlib_freelist
    mallocr.o(i.realloc) refers to mallocr.o(i.__free$realloc) for __free$realloc
    mallocr.o(i.realloc) refers to mallocr.o(i.internal_alloc) for internal_alloc
    mallocr.o(i.realloc) refers to mallocr.o(i.__malloc$realloc) for __malloc$realloc
    mallocr.o(i.realloc) refers to mvars.o(.data) for __microlib_freelist
    malloca.o(i.__aligned_malloc) refers to mvars.o(.data) for __microlib_freelist_initialised
    malloca.o(i.__aligned_malloc) refers to mvars.o(.data) for __microlib_freelist
    malloca.o(i.__aligned_malloc) refers to startup.o(HEAP) for __heap_base
    malloca.o(i.__free$memalign) refers to mvars.o(.data) for __microlib_freelist
    malloca.o(i.__malloc$memalign) refers to malloca.o(i.__aligned_malloc) for __aligned_malloc
    mallocra.o(i.__aligned_malloc$realloc) refers to mallocra.o(i.internal_alloc) for internal_alloc
    mallocra.o(i.__aligned_malloc$realloc) refers to mvars.o(.data) for __microlib_freelist_initialised
    mallocra.o(i.__aligned_malloc$realloc) refers to startup.o(HEAP) for __heap_base
    mallocra.o(i.__aligned_malloc$realloc) refers to mvars.o(.data) for __microlib_freelist
    mallocra.o(i.__free$realloc$memalign) refers to mvars.o(.data) for __microlib_freelist
    mallocra.o(i.__malloc$realloc$memalign) refers to mallocra.o(i.__aligned_malloc$realloc) for __aligned_malloc$realloc
    mallocra.o(i.__realloc$memalign) refers to mallocra.o(i.__free$realloc$memalign) for __free$realloc$memalign
    mallocra.o(i.__realloc$memalign) refers to mallocra.o(i.internal_alloc) for internal_alloc
    mallocra.o(i.__realloc$memalign) refers to mallocra.o(i.__malloc$realloc$memalign) for __malloc$realloc$memalign
    mallocra.o(i.__realloc$memalign) refers to mvars.o(.data) for __microlib_freelist
    mallocra.o(i.internal_alloc) refers to memcpya.o(.text) for __aeabi_memcpy
    mallocra.o(i.internal_alloc) refers to mvars.o(.data) for __microlib_freelist
    entry2.o(.ARM.Collect$$$$00000001) refers to entry2.o(.ARM.Collect$$$$00002712) for __lit__00000000
    entry2.o(.ARM.Collect$$$$00002712) refers to startup.o(STACK) for __initial_sp
    entry2.o(__vectab_stack_and_reset_area) refers to startup.o(STACK) for __initial_sp
    entry2.o(__vectab_stack_and_reset_area) refers to entry.o(.ARM.Collect$$$$00000000) for __main
    entry5.o(.ARM.Collect$$$$00000004) refers to init.o(.text) for __scatterload
    entry9a.o(.ARM.Collect$$$$0000000B) refers to main.o(.text) for main
    entry9b.o(.ARM.Collect$$$$0000000C) refers to main.o(.text) for main
    init.o(.text) refers to entry5.o(.ARM.Collect$$$$00000004) for __main_after_scatterload


==============================================================================

Removing Unused input sections from the image.

    Removing main.o(.data), (36 bytes).

1 unused section(s) (total 36 bytes) removed from the image.

==============================================================================

Image Symbol Table

    Local Symbols

    Symbol Name                              Value     Ov Type        Size  Object(Section)

    RESET                                    0x00000000   Section      632  startup.o(RESET)
    ../clib/microlib/init/entry.s            0x00000000   Number         0  entry.o ABSOLUTE
    ../clib/microlib/init/entry.s            0x00000000   Number         0  entry11b.o ABSOLUTE
    ../clib/microlib/init/entry.s            0x00000000   Number         0  entry11a.o ABSOLUTE
    ../clib/microlib/init/entry.s            0x00000000   Number         0  entry10b.o ABSOLUTE
    ../clib/microlib/init/entry.s            0x00000000   Number         0  entry10a.o ABSOLUTE
    ../clib/microlib/init/entry.s            0x00000000   Number         0  entry9b.o ABSOLUTE
    ../clib/microlib/init/entry.s            0x00000000   Number         0  entry9a.o ABSOLUTE
    ../clib/microlib/init/entry.s            0x00000000   Number         0  entry8b.o ABSOLUTE
    ../clib/microlib/init/entry.s            0x00000000   Number         0  entry8a.o ABSOLUTE
    ../clib/microlib/init/entry.s            0x00000000   Number         0  entry7b.o ABSOLUTE
    ../clib/microlib/init/entry.s            0x00000000   Number         0  entry7a.o ABSOLUTE
    ../clib/microlib/init/entry.s            0x00000000   Number         0  entry5.o ABSOLUTE
    ../clib/microlib/init/entry.s            0x00000000   Number         0  entry2.o ABSOLUTE
    ../clib/microlib/malloc/malloc.c         0x00000000   Number         0  malloca.o ABSOLUTE
    ../clib/microlib/malloc/malloc.c         0x00000000   Number         0  mallocr.o ABSOLUTE
    ../clib/microlib/malloc/malloc.c         0x00000000   Number         0  malloc.o ABSOLUTE
    ../clib/microlib/malloc/malloc.c         0x00000000   Number         0  mallocra.o ABSOLUTE
    ../clib/microlib/malloc/mvars.c          0x00000000   Number         0  mvars.o ABSOLUTE
    ../clib/microlib/string/memcpy.c         0x00000000   Number         0  memcpya.o ABSOLUTE
    ../clib/microlib/string/memcpy.c         0x00000000   Number         0  memcpyb.o ABSOLUTE
    PLL.c                                    0x00000000   Number         0  pll.o ABSOLUTE
    Startup.s                                0x00000000   Number         0  startup.o ABSOLUTE
    circular_buffer.c                        0x00000000   Number         0  circular_buffer.o ABSOLUTE
    dc.s                                     0x00000000   Number         0  dc.o ABSOLUTE
    final_adc.c                              0x00000000   Number         0  final_adc.o ABSOLUTE
    final_gpio.c                             0x00000000   Number         0  final_gpio.o ABSOLUTE
    final_spi.c                              0x00000000   Number         0  final_spi.o ABSOLUTE
    final_systick.c                          0x00000000   Number         0  final_systick.o ABSOLUTE
    final_uart.c                             0x00000000   Number         0  final_uart.o ABSOLUTE
    handlers.s                               0x00000000   Number         0  handlers.o ABSOLUTE
    init.s                                   0x00000000   Number         0  init.o ABSOLUTE
    main.c                                   0x00000000   Number         0  main.o ABSOLUTE
    NmiSR                                    0x00000271   Thumb Code     0  startup.o(RESET)
    FaultISR                                 0x00000273   Thumb Code     0  startup.o(RESET)
    IntDefaultHandler                        0x00000275   Thumb Code     0  startup.o(RESET)
    .ARM.Collect$$$$00000000                 0x00000278   Section        0  entry.o(.ARM.Collect$$$$00000000)
    .ARM.Collect$$$$00000001                 0x00000278   Section        4  entry2.o(.ARM.Collect$$$$00000001)
    .ARM.Collect$$$$00000004                 0x0000027c   Section        4  entry5.o(.ARM.Collect$$$$00000004)
    .ARM.Collect$$$$00000008                 0x00000280   Section        0  entry7b.o(.ARM.Collect$$$$00000008)
    .ARM.Collect$$$$0000000A                 0x00000280   Section        0  entry8b.o(.ARM.Collect$$$$0000000A)
    .ARM.Collect$$$$0000000B                 0x00000280   Section        8  entry9a.o(.ARM.Collect$$$$0000000B)
    .ARM.Collect$$$$0000000D                 0x00000288   Section        0  entry10a.o(.ARM.Collect$$$$0000000D)
    .ARM.Collect$$$$0000000F                 0x00000288   Section        0  entry11a.o(.ARM.Collect$$$$0000000F)
    .ARM.Collect$$$$00002712                 0x00000288   Section        4  entry2.o(.ARM.Collect$$$$00002712)
    __lit__00000000                          0x00000288   Data           4  entry2.o(.ARM.Collect$$$$00002712)
    .text                                    0x0000028c   Section       68  startup.o(.text)
    .text                                    0x000002d0   Section        0  main.o(.text)
    .text                                    0x00000310   Section        0  final_adc.o(.text)
    .text                                    0x000003a8   Section        0  final_gpio.o(.text)
    .text                                    0x0000058c   Section        0  final_systick.o(.text)
    .text                                    0x00000690   Section        0  final_spi.o(.text)
    .text                                    0x00000708   Section        0  final_uart.o(.text)
    .text                                    0x00000a24   Section        0  pll.o(.text)
    .text                                    0x00000ab0   Section        0  circular_buffer.o(.text)
    .text                                    0x00000b82   Section        0  memcpya.o(.text)
    .text                                    0x00000ba8   Section       36  init.o(.text)
    i.__scatterload_copy                     0x00000bcc   Section       14  handlers.o(i.__scatterload_copy)
    i.__scatterload_null                     0x00000bda   Section        2  handlers.o(i.__scatterload_null)
    i.__scatterload_zeroinit                 0x00000bdc   Section       14  handlers.o(i.__scatterload_zeroinit)
    i.malloc                                 0x00000bec   Section        0  malloc.o(i.malloc)
    .data                                    0x20000000   Section        4  final_gpio.o(.data)
    .data                                    0x20000004   Section       12  final_systick.o(.data)
    .data                                    0x20000010   Section        4  mvars.o(.data)
    .data                                    0x20000014   Section        4  mvars.o(.data)
    .bss                                     0x20000018   Section       64  final_uart.o(.bss)
    HEAP                                     0x20000058   Section     4096  startup.o(HEAP)
    STACK                                    0x20001058   Section     4096  startup.o(STACK)
    StackMem                                 0x20001058   Data           0  startup.o(STACK)

    Global Symbols

    Symbol Name                              Value     Ov Type        Size  Object(Section)

    BuildAttributes$$THM_ISAv4$E$P$D$K$B$S$7EM$VFPi3$EXTD16$VFPS$VFMA$PE$A:L22UL41UL21$X:L11$S22US41US21$IEEE1$IW$USESV6$~STKCKD$USESV7$~SHL$OSPACE$EBA8$MICROLIB$REQ8$PRES8$EABIv2 0x00000000   Number         0  anon$$obj.o ABSOLUTE
    __ARM_use_no_argv                        0x00000000   Number         0  main.o ABSOLUTE
    __Vectors                                0x00000000   Data           4  startup.o(RESET)
    __cpp_initialize__aeabi_                  - Undefined Weak Reference
    __cxa_finalize                            - Undefined Weak Reference
    __decompress                              - Undefined Weak Reference
    _clock_init                               - Undefined Weak Reference
    _microlib_exit                            - Undefined Weak Reference
    Reset_Handler                            0x0000026d   Thumb Code     0  startup.o(RESET)
    __main                                   0x00000279   Thumb Code     0  entry.o(.ARM.Collect$$$$00000000)
    _main_stk                                0x00000279   Thumb Code     0  entry2.o(.ARM.Collect$$$$00000001)
    _main_scatterload                        0x0000027d   Thumb Code     0  entry5.o(.ARM.Collect$$$$00000004)
    __main_after_scatterload                 0x00000281   Thumb Code     0  entry5.o(.ARM.Collect$$$$00000004)
    _main_clock                              0x00000281   Thumb Code     0  entry7b.o(.ARM.Collect$$$$00000008)
    _main_cpp_init                           0x00000281   Thumb Code     0  entry8b.o(.ARM.Collect$$$$0000000A)
    _main_init                               0x00000281   Thumb Code     0  entry9a.o(.ARM.Collect$$$$0000000B)
    __rt_final_cpp                           0x00000289   Thumb Code     0  entry10a.o(.ARM.Collect$$$$0000000D)
    __rt_final_exit                          0x00000289   Thumb Code     0  entry11a.o(.ARM.Collect$$$$0000000F)
    DisableInterrupts                        0x0000028d   Thumb Code     0  startup.o(.text)
    EnableInterrupts                         0x00000291   Thumb Code     0  startup.o(.text)
    StartCritical                            0x00000295   Thumb Code     0  startup.o(.text)
    EndCritical                              0x0000029d   Thumb Code     0  startup.o(.text)
    WaitForInterrupt                         0x000002a3   Thumb Code     0  startup.o(.text)
    getHeapBase                              0x000002a7   Thumb Code     0  startup.o(.text)
    getHeapSize                              0x000002b1   Thumb Code     0  startup.o(.text)
    getStackBase                             0x000002c7   Thumb Code     0  startup.o(.text)
    main                                     0x000002d1   Thumb Code    32  main.o(.text)
    initializeADC                            0x00000311   Thumb Code    78  final_adc.o(.text)
    GetADCval                                0x0000035f   Thumb Code    54  final_adc.o(.text)
    initPortF                                0x000003a9   Thumb Code    54  final_gpio.o(.text)
    initPortE                                0x000003df   Thumb Code    58  final_gpio.o(.text)
    initPortD                                0x00000419   Thumb Code    72  final_gpio.o(.text)
    initPortC                                0x00000461   Thumb Code    58  final_gpio.o(.text)
    initPortB                                0x0000049b   Thumb Code    32  final_gpio.o(.text)
    initPortA                                0x000004bb   Thumb Code    58  final_gpio.o(.text)
    initBoard                                0x000004f5   Thumb Code    80  final_gpio.o(.text)
    SYSTICKIntHandler                        0x0000058d   Thumb Code    12  final_systick.o(.text)
    TIMERAIntHandler                         0x00000599   Thumb Code    14  final_systick.o(.text)
    initializeSysTick                        0x000005a7   Thumb Code    40  final_systick.o(.text)
    initializeTimerA                         0x000005cf   Thumb Code   108  final_systick.o(.text)
    initializeWatchdog                       0x0000063b   Thumb Code    52  final_systick.o(.text)
    initializeSPI                            0x00000691   Thumb Code   116  final_spi.o(.text)
    initUART0                                0x00000709   Thumb Code   106  final_uart.o(.text)
    initUART2                                0x00000773   Thumb Code   128  final_uart.o(.text)
    initUART5                                0x000007f3   Thumb Code   128  final_uart.o(.text)
    uart2Rx                                  0x00000873   Thumb Code    80  final_uart.o(.text)
    uart2Tx                                  0x000008c3   Thumb Code    66  final_uart.o(.text)
    uart5Rx                                  0x00000905   Thumb Code    80  final_uart.o(.text)
    uart5Tx                                  0x00000955   Thumb Code    66  final_uart.o(.text)
    UART0IntHandler                          0x00000997   Thumb Code     2  final_uart.o(.text)
    UART2IntHandler                          0x00000999   Thumb Code     2  final_uart.o(.text)
    UART5IntHandler                          0x0000099b   Thumb Code     2  final_uart.o(.text)
    uartRxPoll                               0x0000099d   Thumb Code    42  final_uart.o(.text)
    uartTxPoll                               0x000009c7   Thumb Code    30  final_uart.o(.text)
    uartTxCharPoll                           0x000009e5   Thumb Code    16  final_uart.o(.text)
    PLL_Init                                 0x00000a25   Thumb Code   134  pll.o(.text)
    cBufInit                                 0x00000ab1   Thumb Code    44  circular_buffer.o(.text)
    cBufAddChar                              0x00000add   Thumb Code    84  circular_buffer.o(.text)
    cBufGetChar                              0x00000b31   Thumb Code    64  circular_buffer.o(.text)
    cBufGetFreeCount                         0x00000b71   Thumb Code    18  circular_buffer.o(.text)
    __aeabi_memcpy                           0x00000b83   Thumb Code    36  memcpya.o(.text)
    __aeabi_memcpy4                          0x00000b83   Thumb Code     0  memcpya.o(.text)
    __aeabi_memcpy8                          0x00000b83   Thumb Code     0  memcpya.o(.text)
    __scatterload                            0x00000ba9   Thumb Code    28  init.o(.text)
    __scatterload_rt2                        0x00000ba9   Thumb Code     0  init.o(.text)
    __scatterload_copy                       0x00000bcd   Thumb Code    14  handlers.o(i.__scatterload_copy)
    __scatterload_null                       0x00000bdb   Thumb Code     2  handlers.o(i.__scatterload_null)
    __scatterload_zeroinit                   0x00000bdd   Thumb Code    14  handlers.o(i.__scatterload_zeroinit)
    malloc                                   0x00000bed   Thumb Code    92  malloc.o(i.malloc)
    Region$$Table$$Base                      0x00000c58   Number         0  anon$$obj.o(Region$$Table)
    Region$$Table$$Limit                     0x00000c78   Number         0  anon$$obj.o(Region$$Table)
    delay                                    0x20000000   Data           4  final_gpio.o(.data)
    sysCount                                 0x20000004   Data           4  final_systick.o(.data)
    aCount                                   0x20000008   Data           4  final_systick.o(.data)
    interruptClear                           0x2000000c   Data           4  final_systick.o(.data)
    __microlib_freelist                      0x20000010   Data           4  mvars.o(.data)
    __microlib_freelist_initialised          0x20000014   Data           4  mvars.o(.data)
    rxBuf2                                   0x20000018   Data          16  final_uart.o(.bss)
    txBuf2                                   0x20000028   Data          16  final_uart.o(.bss)
    rxBuf5                                   0x20000038   Data          16  final_uart.o(.bss)
    txBuf5                                   0x20000048   Data          16  final_uart.o(.bss)
    __heap_base                              0x20000058   Data           0  startup.o(HEAP)
    __heap_limit                             0x20001058   Data           0  startup.o(HEAP)
    __initial_sp                             0x20002058   Data           0  startup.o(STACK)



==============================================================================

Memory Map of the image

  Image Entry point : 0x00000279

  Load Region LR_IROM (Base: 0x00000000, Size: 0x00000c90, Max: 0x00040000, ABSOLUTE)

    Execution Region ER_IROM (Base: 0x00000000, Size: 0x00000c78, Max: 0x00040000, ABSOLUTE)

    Base Addr    Size         Type   Attr      Idx    E Section Name        Object

    0x00000000   0x00000278   Code   RO            3    RESET               startup.o
    0x00000278   0x00000000   Code   RO          192  * .ARM.Collect$$$$00000000  mc_w.l(entry.o)
    0x00000278   0x00000004   Code   RO          227    .ARM.Collect$$$$00000001  mc_w.l(entry2.o)
    0x0000027c   0x00000004   Code   RO          230    .ARM.Collect$$$$00000004  mc_w.l(entry5.o)
    0x00000280   0x00000000   Code   RO          232    .ARM.Collect$$$$00000008  mc_w.l(entry7b.o)
    0x00000280   0x00000000   Code   RO          234    .ARM.Collect$$$$0000000A  mc_w.l(entry8b.o)
    0x00000280   0x00000008   Code   RO          235    .ARM.Collect$$$$0000000B  mc_w.l(entry9a.o)
    0x00000288   0x00000000   Code   RO          237    .ARM.Collect$$$$0000000D  mc_w.l(entry10a.o)
    0x00000288   0x00000000   Code   RO          239    .ARM.Collect$$$$0000000F  mc_w.l(entry11a.o)
    0x00000288   0x00000004   Code   RO          228    .ARM.Collect$$$$00002712  mc_w.l(entry2.o)
    0x0000028c   0x00000044   Code   RO            4    .text               startup.o
    0x000002d0   0x00000040   Code   RO           11    .text               main.o
    0x00000310   0x00000098   Code   RO           67    .text               final_adc.o
    0x000003a8   0x000001e4   Code   RO           82    .text               final_gpio.o
    0x0000058c   0x00000104   Code   RO           97    .text               final_systick.o
    0x00000690   0x00000078   Code   RO          113    .text               final_spi.o
    0x00000708   0x0000031c   Code   RO          125    .text               final_uart.o
    0x00000a24   0x0000008c   Code   RO          143    .text               pll.lib(pll.o)
    0x00000ab0   0x000000d2   Code   RO          158    .text               circular_buffer.lib(circular_buffer.o)
    0x00000b82   0x00000024   Code   RO          195    .text               mc_w.l(memcpya.o)
    0x00000ba6   0x00000002   PAD
    0x00000ba8   0x00000024   Code   RO          243    .text               mc_w.l(init.o)
    0x00000bcc   0x0000000e   Code   RO          247    i.__scatterload_copy  mc_w.l(handlers.o)
    0x00000bda   0x00000002   Code   RO          248    i.__scatterload_null  mc_w.l(handlers.o)
    0x00000bdc   0x0000000e   Code   RO          249    i.__scatterload_zeroinit  mc_w.l(handlers.o)
    0x00000bea   0x00000002   PAD
    0x00000bec   0x0000006c   Code   RO          200    i.malloc            mc_w.l(malloc.o)
    0x00000c58   0x00000020   Data   RO          245    Region$$Table       anon$$obj.o


    Execution Region RW_IRAM (Base: 0x20000000, Size: 0x00002058, Max: 0x00010000, ABSOLUTE)

    Base Addr    Size         Type   Attr      Idx    E Section Name        Object

    0x20000000   0x00000004   Data   RW           83    .data               final_gpio.o
    0x20000004   0x0000000c   Data   RW           98    .data               final_systick.o
    0x20000010   0x00000004   Data   RW          241    .data               mc_w.l(mvars.o)
    0x20000014   0x00000004   Data   RW          242    .data               mc_w.l(mvars.o)
    0x20000018   0x00000040   Zero   RW          126    .bss                final_uart.o
    0x20000058   0x00001000   Zero   RW            2    HEAP                startup.o
    0x20001058   0x00001000   Zero   RW            1    STACK               startup.o


==============================================================================

Image component sizes


      Code (inc. data)   RO Data    RW Data    ZI Data      Debug   Object Name

       152         20          0          0          0        662   final_adc.o
       484         72          0          4          0       1360   final_gpio.o
       120          4          0          0          0        928   final_spi.o
       260         34          0         12          0       1476   final_systick.o
       796         48          0          0         64       4123   final_uart.o
        64         32          0          0          0       5995   main.o
       700        622          0          0       8192        440   startup.o

    ----------------------------------------------------------------------
      2576        832         32         16       8256      14984   Object Totals
         0          0         32          0          0          0   (incl. Generated)
         0          0          0          0          0          0   (incl. Padding)

    ----------------------------------------------------------------------

      Code (inc. data)   RO Data    RW Data    ZI Data      Debug   Library Member Name

       210          0          0          0          0       5184   circular_buffer.o
         0          0          0          0          0          0   entry.o
         0          0          0          0          0          0   entry10a.o
         0          0          0          0          0          0   entry11a.o
         8          4          0          0          0          0   entry2.o
         4          0          0          0          0          0   entry5.o
         0          0          0          0          0          0   entry7b.o
         0          0          0          0          0          0   entry8b.o
         8          4          0          0          0          0   entry9a.o
        30          0          0          0          0          0   handlers.o
        36          8          0          0          0         68   init.o
       108         16          0          0          0         84   malloc.o
        36          0          0          0          0         68   memcpya.o
         0          0          0          8          0          0   mvars.o
       140          6          0          0          0        451   pll.o

    ----------------------------------------------------------------------
       584         38          0          8          0       5855   Library Totals
         4          0          0          0          0          0   (incl. Padding)

    ----------------------------------------------------------------------

      Code (inc. data)   RO Data    RW Data    ZI Data      Debug   Library Name

       210          0          0          0          0       5184   circular_buffer.lib
       230         32          0          8          0        220   mc_w.l
       140          6          0          0          0        451   pll.lib

    ----------------------------------------------------------------------
       584         38          0          8          0       5855   Library Totals

    ----------------------------------------------------------------------

==============================================================================


      Code (inc. data)   RO Data    RW Data    ZI Data      Debug   

      3160        870         32         24       8256      20371   Grand Totals
      3160        870         32         24       8256      20371   ELF Image Totals
      3160        870         32         24          0          0   ROM Totals

==============================================================================

    Total RO  Size (Code + RO Data)                 3192 (   3.12kB)
    Total RW  Size (RW Data + ZI Data)              8280 (   8.09kB)
    Total ROM Size (Code + RO Data + RW Data)       3216 (   3.14kB)

==============================================================================

