<html>
<body>
<pre>
<h1>µVision Build Log</h1>
<h2>Project:</h2>
C:\Users\Zach\Documents\GitHub\yolo-final\last_project\ece353_base_project.uvproj
Project File Date:  05/07/2014

<h2>Output:</h2>
Rebuild target 'base_project'
assembling Startup.s...
compiling main.c...
main.c(121): warning:  #223-D: function "PLL_Init" declared implicitly
    PLL_Init(); //given to us
main.c: 1 warning, 0 errors
compiling final_adc.c...
compiling final_gpio.c...
compiling final_systick.c...
compiling final_spi.c...
compiling final_uart.c...
linking...
Program Size: Code=6768 RO-data=32 RW-data=284 ZI-data=8340  
".\ece353_base_project.axf" - 0 Error(s), 1 Warning(s).
Load "C:\\Users\\Zach\\Documents\\GitHub\\yolo-final\\last_project\\ece353_base_project.axf" 
Connecting: Mode=JTAG, Speed=1000000Hz
Erase Done.
Programming Done.
Verify OK.
oject.axf" - 0 Error(s), 3 Warning(s).
Load "C:\\Users\\Zach\\Documents\\GitHub\\yolo-final\\last_project\\ece353_base_project.axf" 
Connecting: Mode=JTAG, Speed=1000000Hz
Erase Done.
Programming Done.
Verify OK.
lared implicitly
                        DisableInterrupts();
final_uart.c(164): warning:  #223-D: function "EnableInterrupts" declared implicitly
                  EnableInterrupts();
final_uart.c(189): warning:  #223-D: function "DisableInterrupts" declared implicitly
                DisableInterrupts();
final_uart.c(191): warning:  #223-D: function "EnableInterrupts" declared implicitly
          EnableInterrupts();
final_uart.c(203): warning:  #223-D: function "DisableInterrupts" declared implicitly
                DisableInterrupts();
final_uart.c(205): warning:  #223-D: function "EnableInterrupts" declared implicitly
          EnableInterrupts();
final_uart.c(213): warning:  #223-D: function "DisableInterrupts" declared implicitly
                        DisableInterrupts();
final_uart.c(215): warning:  #223-D: function "EnableInterrupts" declared implicitly
                  EnableInterrupts();
final_uart.c(240): warning:  #223-D: function "DisableInterrupts" declared implicitly
                DisableInterrupts();
final_uart.c(242): warning:  #223-D: function "EnableInterrupts" declared implicitly
          EnableInterrupts();
final_uart.c: 12 warnings, 0 errors
linking...
Program Size: Code=6604 RO-data=32 RW-data=284 ZI-data=8340  
".\ece353_base_project.axf" - 0 Error(s), 15 Warning(s).
Load "C:\\Users\\Zach\\Documents\\GitHub\\yolo-final\\last_project\\ece353_base_project.axf" 
Connecting: Mode=JTAG, Speed=1000000Hz
Erase Done.
Programming Done.
Verify OK.
ed implicitly
          EnableInterrupts();
final_uart.c: 12 warnings, 0 errors
".\ece353_base_project.axf" - 3 Error(s), 16 Warning(s).
Target not created
one.
Verify OK.
Load "C:\\Users\\Zach\\Documents\\GitHub\\yolo-final\\last_project\\ece353_base_project.axf" 
Connecting: Mode=JTAG, Speed=1000000Hz
Erase Done.
Programming Done.
Verify OK.
d "C:\\Users\\Zach\\Documents\\GitHub\\yolo-final\\last_project\\ece353_base_project.axf" 
Connecting: Mode=JTAG, Speed=1000000Hz
Erase Done.
Programming Done.
Verify OK.
      DisableInterrupts();
final_uart.c(238): warning:  #223-D: function "EnableInterrupts" declared implicitly
          EnableInterrupts();
final_uart.c: 12 warnings, 0 errors
".\ece353_base_project.axf" - 3 Error(s), 21 Warning(s).
Target not created
Load "C:\\Users\\Zach\\Documents\\GitHub\\yolo-final\\last_project\\ece353_base_project.axf" 
Connecting: Mode=JTAG, Speed=1000000Hz
Erase Done.
Programming Done.
Verify OK.
